Archive member included because of file (symbol)

d:/documents/iti embedded/tools/imt tools/sdk/imt_sdk_win_64/imt_sdk_win_64/winavr/bin/../lib/gcc/avr/4.3.3/avr5\libgcc.a(_exit.o)
                              d:/documents/iti embedded/tools/imt tools/sdk/imt_sdk_win_64/imt_sdk_win_64/winavr/bin/../lib/gcc/avr/4.3.3/../../../../avr/lib/avr5/crtm16.o (exit)
d:/documents/iti embedded/tools/imt tools/sdk/imt_sdk_win_64/imt_sdk_win_64/winavr/bin/../lib/gcc/avr/4.3.3/avr5\libgcc.a(_clear_bss.o)
                              ./MCAL/EXTI/EXTI_prog.o (__do_clear_bss)

Memory Configuration

Name             Origin             Length             Attributes
text             0x00000000         0x00020000         xr
data             0x00800060         0x0000ffa0         rw !x
eeprom           0x00810000         0x00010000         rw !x
fuse             0x00820000         0x00000400         rw !x
lock             0x00830000         0x00000400         rw !x
signature        0x00840000         0x00000400         rw !x
*default*        0x00000000         0xffffffff

Linker script and memory map

LOAD d:/documents/iti embedded/tools/imt tools/sdk/imt_sdk_win_64/imt_sdk_win_64/winavr/bin/../lib/gcc/avr/4.3.3/../../../../avr/lib/avr5/crtm16.o
LOAD ./MCAL/TWI/TWI_prog.o
LOAD ./MCAL/GIE/GIE_prg.o
LOAD ./MCAL/EXTI/EXTI_prog.o
LOAD ./MCAL/DIO/DIO_prog.o
LOAD d:/documents/iti embedded/tools/imt tools/sdk/imt_sdk_win_64/imt_sdk_win_64/winavr/bin/../lib/gcc/avr/4.3.3/avr5\libgcc.a
LOAD d:/documents/iti embedded/tools/imt tools/sdk/imt_sdk_win_64/imt_sdk_win_64/winavr/bin/../lib/gcc/avr/4.3.3/../../../../avr/lib/avr5\libc.a
LOAD d:/documents/iti embedded/tools/imt tools/sdk/imt_sdk_win_64/imt_sdk_win_64/winavr/bin/../lib/gcc/avr/4.3.3/avr5\libgcc.a

.hash
 *(.hash)

.dynsym
 *(.dynsym)

.dynstr
 *(.dynstr)

.gnu.version
 *(.gnu.version)

.gnu.version_d
 *(.gnu.version_d)

.gnu.version_r
 *(.gnu.version_r)

.rel.init
 *(.rel.init)

.rela.init
 *(.rela.init)

.rel.text
 *(.rel.text)
 *(.rel.text.*)
 *(.rel.gnu.linkonce.t*)

.rela.text
 *(.rela.text)
 *(.rela.text.*)
 *(.rela.gnu.linkonce.t*)

.rel.fini
 *(.rel.fini)

.rela.fini
 *(.rela.fini)

.rel.rodata
 *(.rel.rodata)
 *(.rel.rodata.*)
 *(.rel.gnu.linkonce.r*)

.rela.rodata
 *(.rela.rodata)
 *(.rela.rodata.*)
 *(.rela.gnu.linkonce.r*)

.rel.data
 *(.rel.data)
 *(.rel.data.*)
 *(.rel.gnu.linkonce.d*)

.rela.data
 *(.rela.data)
 *(.rela.data.*)
 *(.rela.gnu.linkonce.d*)

.rel.ctors
 *(.rel.ctors)

.rela.ctors
 *(.rela.ctors)

.rel.dtors
 *(.rel.dtors)

.rela.dtors
 *(.rela.dtors)

.rel.got
 *(.rel.got)

.rela.got
 *(.rela.got)

.rel.bss
 *(.rel.bss)

.rela.bss
 *(.rela.bss)

.rel.plt
 *(.rel.plt)

.rela.plt
 *(.rela.plt)

.text           0x00000000      0xc12
 *(.vectors)
 .vectors       0x00000000       0x54 d:/documents/iti embedded/tools/imt tools/sdk/imt_sdk_win_64/imt_sdk_win_64/winavr/bin/../lib/gcc/avr/4.3.3/../../../../avr/lib/avr5/crtm16.o
                0x00000000                __vectors
                0x00000000                __vector_default
 *(.vectors)
 *(.progmem.gcc*)
 *(.progmem*)
                0x00000054                . = ALIGN (0x2)
                0x00000054                __trampolines_start = .
 *(.trampolines)
 .trampolines   0x00000054        0x0 linker stubs
 *(.trampolines*)
                0x00000054                __trampolines_end = .
 *(.jumptables)
 *(.jumptables*)
 *(.lowtext)
 *(.lowtext*)
                0x00000054                __ctors_start = .
 *(.ctors)
                0x00000054                __ctors_end = .
                0x00000054                __dtors_start = .
 *(.dtors)
                0x00000054                __dtors_end = .
 SORT(*)(.ctors)
 SORT(*)(.dtors)
 *(.init0)
 .init0         0x00000054        0x0 d:/documents/iti embedded/tools/imt tools/sdk/imt_sdk_win_64/imt_sdk_win_64/winavr/bin/../lib/gcc/avr/4.3.3/../../../../avr/lib/avr5/crtm16.o
                0x00000054                __init
 *(.init0)
 *(.init1)
 *(.init1)
 *(.init2)
 .init2         0x00000054        0xc d:/documents/iti embedded/tools/imt tools/sdk/imt_sdk_win_64/imt_sdk_win_64/winavr/bin/../lib/gcc/avr/4.3.3/../../../../avr/lib/avr5/crtm16.o
 *(.init2)
 *(.init3)
 *(.init3)
 *(.init4)
 .init4         0x00000060       0x10 d:/documents/iti embedded/tools/imt tools/sdk/imt_sdk_win_64/imt_sdk_win_64/winavr/bin/../lib/gcc/avr/4.3.3/avr5\libgcc.a(_clear_bss.o)
                0x00000060                __do_clear_bss
 *(.init4)
 *(.init5)
 *(.init5)
 *(.init6)
 *(.init6)
 *(.init7)
 *(.init7)
 *(.init8)
 *(.init8)
 *(.init9)
 .init9         0x00000070        0x8 d:/documents/iti embedded/tools/imt tools/sdk/imt_sdk_win_64/imt_sdk_win_64/winavr/bin/../lib/gcc/avr/4.3.3/../../../../avr/lib/avr5/crtm16.o
 *(.init9)
 *(.text)
 .text          0x00000078        0x4 d:/documents/iti embedded/tools/imt tools/sdk/imt_sdk_win_64/imt_sdk_win_64/winavr/bin/../lib/gcc/avr/4.3.3/../../../../avr/lib/avr5/crtm16.o
                0x00000078                __vector_12
                0x00000078                __bad_interrupt
                0x00000078                __vector_6
                0x00000078                __vector_11
                0x00000078                __vector_13
                0x00000078                __vector_17
                0x00000078                __vector_19
                0x00000078                __vector_7
                0x00000078                __vector_5
                0x00000078                __vector_4
                0x00000078                __vector_9
                0x00000078                __vector_15
                0x00000078                __vector_8
                0x00000078                __vector_14
                0x00000078                __vector_10
                0x00000078                __vector_16
                0x00000078                __vector_18
                0x00000078                __vector_20
 .text          0x0000007c        0x0 ./MCAL/TWI/TWI_prog.o
 .text          0x0000007c        0x0 ./MCAL/GIE/GIE_prg.o
 .text          0x0000007c        0x0 ./MCAL/EXTI/EXTI_prog.o
 .text          0x0000007c        0x0 ./MCAL/DIO/DIO_prog.o
 .text          0x0000007c        0x0 d:/documents/iti embedded/tools/imt tools/sdk/imt_sdk_win_64/imt_sdk_win_64/winavr/bin/../lib/gcc/avr/4.3.3/avr5\libgcc.a(_exit.o)
 .text          0x0000007c        0x0 d:/documents/iti embedded/tools/imt tools/sdk/imt_sdk_win_64/imt_sdk_win_64/winavr/bin/../lib/gcc/avr/4.3.3/avr5\libgcc.a(_clear_bss.o)
                0x0000007c                . = ALIGN (0x2)
 *(.text.*)
 .text.MTWI_vInit
                0x0000007c       0x24 ./MCAL/TWI/TWI_prog.o
                0x0000007c                MTWI_vInit
 .text.MTWI_u8SendStartCondition
                0x000000a0       0x28 ./MCAL/TWI/TWI_prog.o
                0x000000a0                MTWI_u8SendStartCondition
 .text.MTWI_u8ResendStartCondition
                0x000000c8       0x28 ./MCAL/TWI/TWI_prog.o
                0x000000c8                MTWI_u8ResendStartCondition
 .text.MTWI_u8SendStopCondition
                0x000000f0       0x1e ./MCAL/TWI/TWI_prog.o
                0x000000f0                MTWI_u8SendStopCondition
 .text.MTWI_u8SendSLA_RW
                0x0000010e       0x56 ./MCAL/TWI/TWI_prog.o
                0x0000010e                MTWI_u8SendSLA_RW
 .text.MTWI_u8SendByte
                0x00000164       0x36 ./MCAL/TWI/TWI_prog.o
                0x00000164                MTWI_u8SendByte
 .text.MTWI_u8RecieveByte
                0x0000019a       0x8c ./MCAL/TWI/TWI_prog.o
                0x0000019a                MTWI_u8RecieveByte
 .text.MTWI_u8GetStatusCode
                0x00000226       0x16 ./MCAL/TWI/TWI_prog.o
                0x00000226                MTWI_u8GetStatusCode
 .text.MGIE_vEnableGlobalInterrupt
                0x0000023c       0x1c ./MCAL/GIE/GIE_prg.o
                0x0000023c                MGIE_vEnableGlobalInterrupt
 .text.MGIE_vDisableGlobalInterrupt
                0x00000258       0x1c ./MCAL/GIE/GIE_prg.o
                0x00000258                MGIE_vDisableGlobalInterrupt
 .text.MEXTI_vInit
                0x00000274       0x7e ./MCAL/EXTI/EXTI_prog.o
                0x00000274                MEXTI_vInit
 .text.MEXTI_vCallBackFunction
                0x000002f2       0x36 ./MCAL/EXTI/EXTI_prog.o
                0x000002f2                MEXTI_vCallBackFunction
 .text.__vector_1
                0x00000328       0x66 ./MCAL/EXTI/EXTI_prog.o
                0x00000328                __vector_1
 .text.__vector_2
                0x0000038e       0x66 ./MCAL/EXTI/EXTI_prog.o
                0x0000038e                __vector_2
 .text.__vector_3
                0x000003f4       0x66 ./MCAL/EXTI/EXTI_prog.o
                0x000003f4                __vector_3
 .text.MDIO_vInit
                0x0000045a       0x3e ./MCAL/DIO/DIO_prog.o
                0x0000045a                MDIO_vInit
 .text.MDIO_vSetPinDir
                0x00000498      0x200 ./MCAL/DIO/DIO_prog.o
                0x00000498                MDIO_vSetPinDir
 .text.MDIO_vSetPinVal
                0x00000698      0x200 ./MCAL/DIO/DIO_prog.o
                0x00000698                MDIO_vSetPinVal
 .text.MDIO_u8GETPinVal
                0x00000898       0xf4 ./MCAL/DIO/DIO_prog.o
                0x00000898                MDIO_u8GETPinVal
 .text.MDIO_vTogPinVal
                0x0000098c       0xfa ./MCAL/DIO/DIO_prog.o
                0x0000098c                MDIO_vTogPinVal
 .text.MDIO_vSetPortDir
                0x00000a86       0x82 ./MCAL/DIO/DIO_prog.o
                0x00000a86                MDIO_vSetPortDir
 .text.MDIO_vSetPortVal
                0x00000b08       0x82 ./MCAL/DIO/DIO_prog.o
                0x00000b08                MDIO_vSetPortVal
 .text.MDIO_u8GETPortVal
                0x00000b8a       0x84 ./MCAL/DIO/DIO_prog.o
                0x00000b8a                MDIO_u8GETPortVal
 .text.libgcc   0x00000c0e        0x0 d:/documents/iti embedded/tools/imt tools/sdk/imt_sdk_win_64/imt_sdk_win_64/winavr/bin/../lib/gcc/avr/4.3.3/avr5\libgcc.a(_exit.o)
 .text.libgcc   0x00000c0e        0x0 d:/documents/iti embedded/tools/imt tools/sdk/imt_sdk_win_64/imt_sdk_win_64/winavr/bin/../lib/gcc/avr/4.3.3/avr5\libgcc.a(_clear_bss.o)
                0x00000c0e                . = ALIGN (0x2)
 *(.fini9)
 .fini9         0x00000c0e        0x0 d:/documents/iti embedded/tools/imt tools/sdk/imt_sdk_win_64/imt_sdk_win_64/winavr/bin/../lib/gcc/avr/4.3.3/avr5\libgcc.a(_exit.o)
                0x00000c0e                exit
                0x00000c0e                _exit
 *(.fini9)
 *(.fini8)
 *(.fini8)
 *(.fini7)
 *(.fini7)
 *(.fini6)
 *(.fini6)
 *(.fini5)
 *(.fini5)
 *(.fini4)
 *(.fini4)
 *(.fini3)
 *(.fini3)
 *(.fini2)
 *(.fini2)
 *(.fini1)
 *(.fini1)
 *(.fini0)
 .fini0         0x00000c0e        0x4 d:/documents/iti embedded/tools/imt tools/sdk/imt_sdk_win_64/imt_sdk_win_64/winavr/bin/../lib/gcc/avr/4.3.3/avr5\libgcc.a(_exit.o)
 *(.fini0)
                0x00000c12                _etext = .

.data           0x00800060        0x0 load address 0x00000c12
                0x00800060                PROVIDE (__data_start, .)
 *(.data)
 .data          0x00800060        0x0 d:/documents/iti embedded/tools/imt tools/sdk/imt_sdk_win_64/imt_sdk_win_64/winavr/bin/../lib/gcc/avr/4.3.3/../../../../avr/lib/avr5/crtm16.o
 .data          0x00800060        0x0 ./MCAL/TWI/TWI_prog.o
 .data          0x00800060        0x0 ./MCAL/GIE/GIE_prg.o
 .data          0x00800060        0x0 ./MCAL/EXTI/EXTI_prog.o
 .data          0x00800060        0x0 ./MCAL/DIO/DIO_prog.o
 .data          0x00800060        0x0 d:/documents/iti embedded/tools/imt tools/sdk/imt_sdk_win_64/imt_sdk_win_64/winavr/bin/../lib/gcc/avr/4.3.3/avr5\libgcc.a(_exit.o)
 .data          0x00800060        0x0 d:/documents/iti embedded/tools/imt tools/sdk/imt_sdk_win_64/imt_sdk_win_64/winavr/bin/../lib/gcc/avr/4.3.3/avr5\libgcc.a(_clear_bss.o)
 *(.data*)
 *(.rodata)
 *(.rodata*)
 *(.gnu.linkonce.d*)
                0x00800060                . = ALIGN (0x2)
                0x00800060                _edata = .
                0x00800060                PROVIDE (__data_end, .)

.bss            0x00800060        0x6
                0x00800060                PROVIDE (__bss_start, .)
 *(.bss)
 .bss           0x00800060        0x0 d:/documents/iti embedded/tools/imt tools/sdk/imt_sdk_win_64/imt_sdk_win_64/winavr/bin/../lib/gcc/avr/4.3.3/../../../../avr/lib/avr5/crtm16.o
 .bss           0x00800060        0x0 ./MCAL/TWI/TWI_prog.o
 .bss           0x00800060        0x0 ./MCAL/GIE/GIE_prg.o
 .bss           0x00800060        0x0 ./MCAL/EXTI/EXTI_prog.o
 .bss           0x00800060        0x0 ./MCAL/DIO/DIO_prog.o
 .bss           0x00800060        0x0 d:/documents/iti embedded/tools/imt tools/sdk/imt_sdk_win_64/imt_sdk_win_64/winavr/bin/../lib/gcc/avr/4.3.3/avr5\libgcc.a(_exit.o)
 .bss           0x00800060        0x0 d:/documents/iti embedded/tools/imt tools/sdk/imt_sdk_win_64/imt_sdk_win_64/winavr/bin/../lib/gcc/avr/4.3.3/avr5\libgcc.a(_clear_bss.o)
 *(.bss*)
 .bss.G_EXTI_Callback
                0x00800060        0x6 ./MCAL/EXTI/EXTI_prog.o
 *(COMMON)
                0x00800066                PROVIDE (__bss_end, .)
                0x00000c12                __data_load_start = LOADADDR (.data)
                0x00000c12                __data_load_end = (__data_load_start + SIZEOF (.data))

.noinit         0x00800066        0x0
                0x00800066                PROVIDE (__noinit_start, .)
 *(.noinit*)
                0x00800066                PROVIDE (__noinit_end, .)
                0x00800066                _end = .
                0x00800066                PROVIDE (__heap_start, .)

.eeprom         0x00810000        0x0
 *(.eeprom*)
                0x00810000                __eeprom_end = .

.fuse
 *(.fuse)
 *(.lfuse)
 *(.hfuse)
 *(.efuse)

.lock
 *(.lock*)

.signature
 *(.signature*)

.stab           0x00000000      0xf0c
 *(.stab)
 .stab          0x00000000      0x414 ./MCAL/TWI/TWI_prog.o
 .stab          0x00000414      0x1bc ./MCAL/GIE/GIE_prg.o
                                0x1c8 (size before relaxing)
 .stab          0x000005d0      0x2e8 ./MCAL/EXTI/EXTI_prog.o
                                0x2f4 (size before relaxing)
 .stab          0x000008b8      0x654 ./MCAL/DIO/DIO_prog.o
                                0x660 (size before relaxing)

.stabstr        0x00000000      0x747
 *(.stabstr)
 .stabstr       0x00000000      0x747 ./MCAL/TWI/TWI_prog.o

.stab.excl
 *(.stab.excl)

.stab.exclstr
 *(.stab.exclstr)

.stab.index
 *(.stab.index)

.stab.indexstr
 *(.stab.indexstr)

.comment
 *(.comment)

.debug
 *(.debug)

.line
 *(.line)

.debug_srcinfo
 *(.debug_srcinfo)

.debug_sfnames
 *(.debug_sfnames)

.debug_aranges
 *(.debug_aranges)

.debug_pubnames
 *(.debug_pubnames)

.debug_info
 *(.debug_info)
 *(.gnu.linkonce.wi.*)

.debug_abbrev
 *(.debug_abbrev)

.debug_line
 *(.debug_line)

.debug_frame
 *(.debug_frame)

.debug_str
 *(.debug_str)

.debug_loc
 *(.debug_loc)

.debug_macinfo
 *(.debug_macinfo)
OUTPUT(HandGesturesRec.elf elf32-avr)
LOAD linker stubs
